11:14:27 **** Incremental Build of configuration Debug for project 002sizeof ****
make -j8 all 
arm-none-eabi-gcc "../Src/main.c" -mcpu=cortex-m4 -std=gnu11 -g3 -DDEBUG -DSTM32 -DSTM32F407G_DISC1 -DSTM32F4 -DSTM32F407VGTx -c -I../Inc -O0 -ffunction-sections -fdata-sections -Wall -fstack-usage -fcyclomatic-complexity -MMD -MP -MF"Src/main.d" -MT"Src/main.o" --specs=nano.specs -mfloat-abi=soft -mthumb -o "Src/main.o"
arm-none-eabi-gcc -o "002sizeof.elf" @"objects.list"   -mcpu=cortex-m4 -T"D:\Embedded_C\My_workspace\Target\002sizeof\STM32F407VGTX_FLASH.ld" --specs=nosys.specs -Wl,-Map="002sizeof.map" -Wl,--gc-sections -static --specs=nano.specs -mfloat-abi=soft -mthumb -Wl,--start-group -lc -lm -Wl,--end-group
Finished building target: 002sizeof.elf
 
arm-none-eabi-size  002sizeof.elf 
arm-none-eabi-objdump -h -S 002sizeof.elf  > "002sizeof.list"
   text	   data	    bss	    dec	    hex	filename
   5124	    100	   1900	   7124	   1bd4	002sizeof.elf
Finished building: default.size.stdout
 
Finished building: 002sizeof.list
 

11:14:28 Build Finished. 0 errors, 0 warnings. (took 802ms)

