14:10:09 **** Incremental Build of configuration Debug for project 011keypad ****
make -j8 all 
arm-none-eabi-gcc "../Src/main.c" -mcpu=cortex-m4 -std=gnu11 -g3 -DDEBUG -DSTM32 -DSTM32F407G_DISC1 -DSTM32F4 -DSTM32F407VGTx -c -I../Inc -O0 -ffunction-sections -fdata-sections -Wall -fstack-usage -fcyclomatic-complexity -MMD -MP -MF"Src/main.d" -MT"Src/main.o" --specs=nano.specs -mfpu=fpv4-sp-d16 -mfloat-abi=hard -mthumb -o "Src/main.o"
arm-none-eabi-gcc -o "011keypad.elf" @"objects.list"   -mcpu=cortex-m4 -T"D:\Embedded_C\My_workspace\Target\011keypad\STM32F407VGTX_FLASH.ld" --specs=nosys.specs -Wl,-Map="011keypad.map" -Wl,--gc-sections -static --specs=nano.specs -mfpu=fpv4-sp-d16 -mfloat-abi=hard -mthumb -Wl,--start-group -lc -lm -Wl,--end-group
Finished building target: 011keypad.elf
 
arm-none-eabi-size  011keypad.elf 
arm-none-eabi-objdump -h -S 011keypad.elf  > "011keypad.list"
   text	   data	    bss	    dec	    hex	filename
   4108	    100	   1900	   6108	   17dc	011keypad.elf
Finished building: default.size.stdout
 
Finished building: 011keypad.list
 

14:10:10 Build Finished. 0 errors, 0 warnings. (took 885ms)

