11:13:44 **** Incremental Build of configuration Debug for project led_toggle_with_macros ****
make -j8 all 
arm-none-eabi-gcc "../Src/main.c" -mcpu=cortex-m4 -std=gnu11 -g3 -DDEBUG -DSTM32 -DSTM32F407G_DISC1 -DSTM32F4 -DSTM32F407VGTx -c -I../Inc -O0 -ffunction-sections -fdata-sections -Wall -fstack-usage -fcyclomatic-complexity -MMD -MP -MF"Src/main.d" -MT"Src/main.o" --specs=nano.specs -mfpu=fpv4-sp-d16 -mfloat-abi=hard -mthumb -o "Src/main.o"
arm-none-eabi-gcc -o "led_toggle_with_macros.elf" @"objects.list"   -mcpu=cortex-m4 -T"D:\Embedded_C\My_workspace\Target\led_toggle_with_macros\STM32F407VGTX_FLASH.ld" --specs=nosys.specs -Wl,-Map="led_toggle_with_macros.map" -Wl,--gc-sections -static --specs=nano.specs -mfpu=fpv4-sp-d16 -mfloat-abi=hard -mthumb -Wl,--start-group -lc -lm -Wl,--end-group
Finished building target: led_toggle_with_macros.elf
 
arm-none-eabi-size  led_toggle_with_macros.elf 
arm-none-eabi-objdump -h -S led_toggle_with_macros.elf  > "led_toggle_with_macros.list"
   text	   data	    bss	    dec	    hex	filename
    756	      8	   1568	   2332	    91c	led_toggle_with_macros.elf
Finished building: default.size.stdout
 
Finished building: led_toggle_with_macros.list
 

11:13:44 Build Finished. 0 errors, 0 warnings. (took 447ms)

